// Jest Snapshot v1, https://goo.gl/fbAQLP

exports[`Habit renders 1`] = `
<div
  className="navbar"
>
  <i
    className="navbar-logo fas fa-leaf"
  />
  <span>
    Habit Tracker
  </span>
  <span
    className="navbar-count"
  >
    1
  </span>
</div>
`;
